[techcrunch.com/2022/11/17/can-gaming-resurrect-the-nft-market-opensea-thinks-so/index.html]
[techcrunch.com/2022/11/17/can-gaming-resurrect-the-nft-market-opensea-thinks-so/Trident/index.html]
[gmpg.org/xfn/11.html]
[backblue.gif]
[fade.gif]
[index.html]
[s.yimg.com/aaq/pv/perf-vitals_2.0.0.js]
[techcrunch.com/wp-content/themes/techcrunch-2017/build/ec/css/main353d.css]
[s.yimg.com/ss/rapid3ee5d.js]
[techcrunch.com/2022/11/17/can-gaming-resurrect-the-nft-market-opensea-thinks-so/feed/index.html]
[techcrunch.com/comments/feed/index.html]
[s.yimg.com/cx/acookie/acookieee5d.js]
[techcrunch.com/feed/index.html]
[techcrunch.com/_static/indexbb80.html]
[s.yimg.com/pv/static/assistjs/desktop-v1.0.70ee5d.js]
[techcrunch.com/wp-json/wp/v2/posts/2444810.json]
[techcrunch.com/xmlrpc0db0.php]
[techcrunch.com/wp-includes/wlwmanifest.xml]
[techcrunch.com/wp-json/oembed/1.0/embed83d6.json]
[techcrunch.com/indexdc21.html]
[techcrunch.com/wp-json/index.html]
[techcrunch.com/wp-json/oembed/1.0/embeda7aa]
[techcrunch.com/marfeel-sdk5445.js]
[techcrunch.com/wp-content/uploads/2015/02/cropped-cropped-favicon-gradient76ca.png]
[techcrunch.com/wp-content/uploads/2015/02/cropped-cropped-favicon-gradient9939.png]
[techcrunch.com/wp-content/uploads/2015/02/cropped-cropped-favicon-gradientad83.png]
[techcrunch.com/2022/11/17/can-gaming-resurrect-the-nft-market-opensea-thinks-so/amp/index.html]
[techcrunch.com/wp-content/uploads/2022/04/GettyImages-1240090042af90.jpg]
[s.yimg.com/wi/ytc.js]
[use.typekit.net/svv7knmee5d.js]
[techcrunch.com/2022/11/17/can-gaming-resurrect-the-nft-market-opensea-thinks-so/index.html]
[stats.wp.com/e-202246.js]
[techcrunch.com/2022/11/17/can-gaming-resurrect-the-nft-market-opensea-thinks-so/Trident/index.html]
[gmpg.org/xfn/default.css]
[gmpg.org/xfn/.html]
[gmpg.org/xfn/intro.html]
[gmpg.org/xfn/11.html]
[techcrunch.com/xmlrpc.html]
[gmpg.org/xfn/faq.html]
[s.yimg.com/index.html]
[use.typekit.net/index.html]
[jac.yahoosandbox.com/index.html]
[connect.facebook.net/index.html]
[techcrunch.com/_static/indexbb80.html]
[techcrunch.com/indexdc21.html]
[techcrunch.com/wp-content/themes/techcrunch-2017/build/ec/js/main353d.js]
[cdn.ampproject.org/v0.js]
[cdn.ampproject.org/v0/amp-ad-0.1.js]
[cdn.ampproject.org/v0/amp-analytics-0.1.js]
[cdn.ampproject.org/v0/amp-social-share-0.1.js]
[techcrunch.com/wp-content/themes/techcrunch-2017/images/favicon.png]
[use.typekit.net/svv7knm.css]
[techcrunch.com/wp-content/uploads/2022/04/GettyImages-12400900422dff.jpg]
[techcrunch.com/wp-content/uploads/2022/11/Previews-FIFA-World-Cup-Qatar-202288b2.jpg]
[techcrunch.com/wp-content/uploads/2022/11/hyundai-home-abby88b2.jpg]
[techcrunch.com/wp-content/uploads/2021/01/GettyImages-87141031088b2.jpg]
[techcrunch.com/wp-content/uploads/2021/01/GettyImages-1005682070-128797346288b2.jpg]
[techcrunch.com/wp-content/uploads/2021/11/Gopuff_bag188b2.jpg]
[techcrunch.com/wp-content/uploads/2022/08/GettyImages-135032753988b2.jpg]
[techcrunch.com/2022/11/17/can-gaming-resurrect-the-nft-market-opensea-thinks-so/amp/index.html]
[techcrunch.com/2022/11/17/can-gaming-resurrect-the-nft-market-opensea-thinks-so/Trident/index.html]
[gmpg.org/xfn/.html]
[gmpg.org/xfn/intro.html]
[gmpg.org/xfn/faq.html]
[pixel.wp.com/g8a11.gif]
[cdn.ampproject.org/index.html]
[cdn.parsely.com/index.html]
[consent.cmp.oath.com/index.html]
[cdn.vidible.tv/index.html]
[googleads.g.doubleclick.net/index.html]
[pagead2.googlesyndication.com/index.html]
[api.parsely.com/index.html]
[sp.analytics.yahoo.com/index.html]
[techcrunch.com/comments/feed/index.html]
[techcrunch.com/feed/index.html]
[techcrunch.com/2022/11/17/can-gaming-resurrect-the-nft-market-opensea-thinks-so/feed/index.html]
[techcrunch.com/wp-json/index.html]
[techcrunch.com/wp-json/oembed/1.0/embed83d6.json]
[techcrunch.com/wp-json/oembed/1.0/embeda7aa]
[techcrunch.com/_static/indexbb80.html]
[techcrunch.com/wp-content/uploads/2015/02/cropped-cropped-favicon-gradient9939.png]
[techcrunch.com/wp-content/themes/techcrunch-2017/build/ec/css/main353d.css]
[techcrunch.com/wp-content/uploads/2015/02/cropped-cropped-favicon-gradientad83.png]
[s.yimg.com/oa/consenta5eb.html]
[techcrunch.com/wp-content/uploads/2022/04/GettyImages-1240090042af90.jpg]
[techcrunch.com/xmlrpc0db0.php]
[techcrunch.com/marfeel-sdk.es55445.html]
[techcrunch.com/2022/11/17/can-gaming-resurrect-the-nft-market-opensea-thinks-so/Trident/index.html]
[techcrunch.com/wp-content/uploads/2022/04/GettyImages-12400900422dff.jpg]
[gmpg.org/xfn/default.css]
[techcrunch.com/wp-content/uploads/2022/11/Previews-FIFA-World-Cup-Qatar-202288b2.jpg]
[techcrunch.com/wp-content/uploads/2022/11/hyundai-home-abby88b2.jpg]
[techcrunch.com/wp-content/uploads/2022/08/GettyImages-135032753988b2.jpg]
[techcrunch.com/wp-content/uploads/2021/11/Gopuff_bag188b2.jpg]
[use.typekit.net/af/ab3e12/000000000000000077359d4f/30/l31db]
[pixel.wp.com/g8a11.gif]
[use.typekit.net/af/ab3e12/000000000000000077359d4f/30/d31db]
[use.typekit.net/af/ab3e12/000000000000000077359d4f/30/a31db]
[use.typekit.net/af/951aca/000000000000000077359d51/30/l4fcb]
[use.typekit.net/af/951aca/000000000000000077359d51/30/d4fcb]
[use.typekit.net/af/951aca/000000000000000077359d51/30/a4fcb]
[use.typekit.net/af/a798a9/000000000000000077359d55/30/l003a]
[use.typekit.net/af/a798a9/000000000000000077359d55/30/d003a]
[use.typekit.net/af/a798a9/000000000000000077359d55/30/a003a]
[use.typekit.net/af/8e3d9f/000000000000000077359d58/30/l4fb2]
[use.typekit.net/af/8e3d9f/000000000000000077359d58/30/l4fb2]
[use.typekit.net/af/8e3d9f/000000000000000077359d58/30/d4fb2]
[use.typekit.net/af/8e3d9f/000000000000000077359d58/30/a4fb2]
[use.typekit.net/af/63d81f/000000000000000077359d5a/30/l27e9]
[use.typekit.net/af/8e3d9f/000000000000000077359d58/30/a4fb2]
[use.typekit.net/af/63d81f/000000000000000077359d5a/30/d27e9]
[use.typekit.net/af/63d81f/000000000000000077359d5a/30/a27e9]
[use.typekit.net/af/e4f1f2/000000000000000077359d5c/30/ld572]
[use.typekit.net/af/e4f1f2/000000000000000077359d5c/30/dd572]
[use.typekit.net/af/e4f1f2/000000000000000077359d5c/30/ld572]
[use.typekit.net/af/e4f1f2/000000000000000077359d5c/30/ad572]
[use.typekit.net/af/cbf647/000000000000000077359d61/30/ld14f]
[use.typekit.net/af/cbf647/000000000000000077359d61/30/ld14f]
[use.typekit.net/af/cbf647/000000000000000077359d61/30/dd14f]
[use.typekit.net/af/cbf647/000000000000000077359d61/30/ad14f]
[use.typekit.net/af/af45c0/000000000000000077359d62/30/l37a4]
[use.typekit.net/af/af45c0/000000000000000077359d62/30/d37a4]
[use.typekit.net/af/cbf647/000000000000000077359d61/30/ad14f]
[use.typekit.net/af/af45c0/000000000000000077359d62/30/l37a4]
[use.typekit.net/af/af45c0/000000000000000077359d62/30/d37a4]
[use.typekit.net/svv7knm.css]
[cdn.parsely.com/index.html]
[p.typekit.net/p1aae.css]
[use.typekit.net/af/af45c0/000000000000000077359d62/30/a37a4]
[consent.cmp.oath.com/cmpStub.minee5d.js]
[cdn.vidible.tv/prod/player/js/latest/vidible-minee5d.js]
[consent.cmp.oath.com/cmp.js]
[pagead2.googlesyndication.com/pagead/js/adsbygoogle.js]
[cdn.parsely.com/keys/techcrunch.com/p583f.js]
[ampmetrics.techcrunch.com/pixel.gif]
